// Jest Snapshot v1, https://goo.gl/fbAQLP

exports[`CheckoutSummarySegment render should render to match snapshot 1`] = `
<div
  className="checkout-summary-wrapper"
>
  <div>
    Promotion Code: 
    YYGWKJD
      
  </div>
  <div>
    Total Price: 
    200.00
      
  </div>
</div>
`;
