// Jest Snapshot v1, https://goo.gl/fbAQLP

exports[`ProductsPanel render should render to match snapshot 1`] = `
<div>
  ProductsPanel
</div>
`;
